<html>
<body>
<pre>
<h1>礦ision Build Log</h1>
<h2>Tool Versions:</h2>
IDE-Version: μVision V5.28.0.0
Copyright (C) 2019 ARM Ltd and ARM Germany GmbH. All rights reserved.
License Information: 1 1, 1, LIC=DSNXV-PUDAM-243SS-LNLL3-CELBK-M8HBK
 
Tool Versions:
Toolchain:       MDK-ARM Professional  Version: 5.28.0.0
Toolchain Path:  C:\Keil_v5\ARM\ARMCLANG\Bin
C Compiler:      ArmClang.exe V6.12
Assembler:       Armasm.exe V6.12
Linker/Locator:  ArmLink.exe V6.12
Library Manager: ArmAr.exe V6.12
Hex Converter:   FromElf.exe V6.12
CPU DLL:         SARMCM3.DLL V5.28.0.0
Dialog DLL:      DCM.DLL V1.17.3.0
Target DLL:      CMSIS_AGDI.dll V1.31.18.0
Dialog DLL:      TCM.DLL V1.36.2.0
 
<h2>Project:</h2>
C:\Users\cc\Desktop\Learning\718学习\大一下半学期\Intelligent Version Group——tracking\Version-2021-3-24\Project\MDK\RT106X.uvprojx
Project File Date:  03/24/2021

<h2>Output:</h2>
*** Using Compiler 'V6.12', folder: 'C:\Keil_v5\ARM\ARMCLANG\Bin'
Build target 'nor_sdram_zf_dtcm_v6'
compiling camera.c...
linking...
Program Size: Code=85068 RO-data=5864 RW-data=180 ZI-data=106924  
".\Objects\RT106X.axf" - 0 Error(s), 0 Warning(s).

<h2>Software Packages used:</h2>

Package Vendor: NXP
                http://mcuxpresso.nxp.com/cmsis_pack/repo/NXP.MIMXRT1064_DFP.12.0.0.pack
                NXP.MIMXRT1064_DFP.12.0.0
                Device Family Pack for MIMXRT1064

Package Vendor: RealThread
                https://www.rt-thread.org/download/mdk/RealThread.RT-Thread.3.1.3.pack
                RealThread.RT-Thread.3.1.3
                RT-Thread Software Components
   * Component: kernel Version: 3.1.3
   * Component: shell Version: 3.1.3

<h2>Collection of Component include folders:</h2>
  .\RTE\RTOS
  .\RTE\_nor_sdram_zf_dtcm_v6
  C:\Keil_v5\ARM\PACK\NXP\MIMXRT1064_DFP\12.0.0
  C:\Keil_v5\ARM\PACK\RealThread\RT-Thread\3.1.3\components\finsh
  C:\Keil_v5\ARM\PACK\RealThread\RT-Thread\3.1.3\include

<h2>Collection of Component Files used:</h2>

   * Component: RealThread.RT-Thread::RTOS:kernel:3.1.3
      Source file:   src\idle.c
      Source file:   src\scheduler.c
      Source file:   src\timer.c
      Include file:  bsp\rtconfig.h
      Source file:   bsp\board.c
      Source file:   src\clock.c
      Source file:   src\ipc.c
      Source file:   src\irq.c
      Source file:   src\thread.c
      Source file:   src\mem.c
      Source file:   libcpu\arm\cortex-m7\cpuport.c
      Source file:   src\components.c
      Source file:   src\object.c
      Source file:   libcpu\arm\cortex-m7\context_rvds.S
      Source file:   src\kservice.c

   * Component: RealThread.RT-Thread::RTOS:shell:3.1.3
      Source file:   components\finsh\msh.c
      Source file:   components\finsh\shell.c
      Source file:   components\finsh\cmd.c
Build Time Elapsed:  00:00:02
</pre>
</body>
</html>
